components/nativewindui/Picker.tsx(4,20): error TS2307: Cannot find module '~/lib/cn' or its corresponding type declarations.
components/nativewindui/Picker.tsx(5,32): error TS2307: Cannot find module '~/lib/useColorScheme' or its corresponding type declarations.
components/ui/accordion.tsx(40,18): error TS2304: Cannot find name 'cn'.
components/ui/accordion.tsx(81,14): error TS2304: Cannot find name 'cn'.
components/ui/accordion.tsx(88,24): error TS2304: Cannot find name 'cn'.
components/ui/accordion.tsx(100,28): error TS2304: Cannot find name 'cn'.
components/ui/accordion.tsx(124,20): error TS2304: Cannot find name 'cn'.
components/ui/accordion.tsx(133,22): error TS2304: Cannot find name 'cn'.
components/ui/text.tsx(8,3): error TS2304: Cannot find name 'cn'.
components/ui/text.tsx(18,13): error TS2304: Cannot find name 'cn'.
components/ui/text.tsx(22,13): error TS2304: Cannot find name 'cn'.
components/ui/text.tsx(26,13): error TS2304: Cannot find name 'cn'.
components/ui/text.tsx(27,13): error TS2304: Cannot find name 'cn'.
components/ui/text.tsx(30,15): error TS2304: Cannot find name 'cn'.
components/ui/text.tsx(81,18): error TS2304: Cannot find name 'cn'.
convex/homes.ts(85,24): error TS2345: Argument of type '"by_location"' is not assignable to parameter of type 'keyof SystemIndexes'.
convex/homes.ts(85,51): error TS2345: Argument of type '"location"' is not assignable to parameter of type '"_creationTime" | "_id"'.
convex/homes.ts(111,24): error TS2345: Argument of type '"by_available"' is not assignable to parameter of type 'keyof SystemIndexes'.
convex/homes.ts(111,52): error TS2345: Argument of type '"isAvailable"' is not assignable to parameter of type '"_creationTime" | "_id"'.
convex/homes.ts(147,24): error TS2345: Argument of type '"by_homeId"' is not assignable to parameter of type 'keyof SystemIndexes'.
convex/homes.ts(147,49): error TS2345: Argument of type '"homeId"' is not assignable to parameter of type '"_creationTime" | "_id"'.
convex/homes.ts(179,24): error TS2345: Argument of type '"by_category"' is not assignable to parameter of type 'keyof SystemIndexes'.
convex/homes.ts(179,51): error TS2345: Argument of type '"category"' is not assignable to parameter of type '"_creationTime" | "_id"'.
convex/homes.ts(191,24): error TS2345: Argument of type '"by_region"' is not assignable to parameter of type 'keyof SystemIndexes'.
convex/homes.ts(191,49): error TS2345: Argument of type '"region"' is not assignable to parameter of type '"_creationTime" | "_id"'.
convex/homes.ts(210,24): error TS2345: Argument of type '"by_available"' is not assignable to parameter of type 'keyof SystemIndexes'.
convex/homes.ts(210,52): error TS2345: Argument of type '"isAvailable"' is not assignable to parameter of type '"_creationTime" | "_id"'.
convex/homes.ts(231,24): error TS2345: Argument of type '"by_userId"' is not assignable to parameter of type 'keyof SystemIndexes'.
convex/homes.ts(231,49): error TS2345: Argument of type '"userId"' is not assignable to parameter of type '"_creationTime" | "_id"'.
convex/homes.ts(281,24): error TS2345: Argument of type '"by_homeId"' is not assignable to parameter of type 'keyof SystemIndexes'.
convex/homes.ts(281,49): error TS2345: Argument of type '"homeId"' is not assignable to parameter of type '"_creationTime" | "_id"'.
convex/homes.ts(319,51): error TS7006: Parameter 'id' implicitly has an 'any' type.
convex/homes.ts(349,33): error TS7006: Parameter 'id' implicitly has an 'any' type.
convex/homes.ts(392,24): error TS2345: Argument of type '"by_homeId"' is not assignable to parameter of type 'keyof SystemIndexes'.
convex/homes.ts(392,49): error TS2345: Argument of type '"homeId"' is not assignable to parameter of type '"_creationTime" | "_id"'.
convex/messages.ts(68,24): error TS2345: Argument of type '"by_conversation"' is not assignable to parameter of type 'keyof SystemIndexes'.
convex/messages.ts(69,22): error TS2345: Argument of type '"senderId"' is not assignable to parameter of type '"_creationTime" | "_id"'.
convex/messages.ts(69,46): error TS2339: Property 'eq' does not exist on type 'IndexRange'.
convex/messages.ts(75,24): error TS2345: Argument of type '"by_conversation"' is not assignable to parameter of type 'keyof SystemIndexes'.
convex/messages.ts(76,22): error TS2345: Argument of type '"senderId"' is not assignable to parameter of type '"_creationTime" | "_id"'.
convex/messages.ts(76,46): error TS2339: Property 'eq' does not exist on type 'IndexRange'.
convex/messages.ts(107,39): error TS7006: Parameter 'favId' implicitly has an 'any' type.
convex/messages.ts(126,24): error TS2345: Argument of type '"by_conversation"' is not assignable to parameter of type 'keyof SystemIndexes'.
convex/messages.ts(127,22): error TS2345: Argument of type '"senderId"' is not assignable to parameter of type '"_creationTime" | "_id"'.
convex/messages.ts(127,49): error TS2339: Property 'eq' does not exist on type 'IndexRange'.
convex/messages.ts(146,24): error TS2345: Argument of type '"by_receiverId"' is not assignable to parameter of type 'keyof SystemIndexes'.
convex/messages.ts(146,53): error TS2345: Argument of type '"receiverId"' is not assignable to parameter of type '"_creationTime" | "_id"'.
convex/notifications.ts(11,24): error TS2345: Argument of type '"by_receiverId"' is not assignable to parameter of type 'keyof SystemIndexes'.
convex/notifications.ts(11,53): error TS2345: Argument of type '"receiverId"' is not assignable to parameter of type '"_creationTime" | "_id"'.
convex/notifications.ts(35,24): error TS2345: Argument of type '"by_receiverId_isRead"' is not assignable to parameter of type 'keyof SystemIndexes'.
convex/notifications.ts(36,22): error TS2345: Argument of type '"receiverId"' is not assignable to parameter of type '"_creationTime" | "_id"'.
convex/notifications.ts(36,49): error TS2339: Property 'eq' does not exist on type 'IndexRange'.
convex/notifications.ts(57,24): error TS2345: Argument of type '"by_receiverId_isRead"' is not assignable to parameter of type 'keyof SystemIndexes'.
convex/notifications.ts(58,22): error TS2345: Argument of type '"receiverId"' is not assignable to parameter of type '"_creationTime" | "_id"'.
convex/notifications.ts(58,49): error TS2339: Property 'eq' does not exist on type 'IndexRange'.
convex/users.ts(35,24): error TS2345: Argument of type '"by_email"' is not assignable to parameter of type 'keyof SystemIndexes'.
convex/users.ts(35,48): error TS2345: Argument of type '"email"' is not assignable to parameter of type '"_creationTime" | "_id"'.
convex/users.ts(65,24): error TS2345: Argument of type '"by_role"' is not assignable to parameter of type 'keyof SystemIndexes'.
convex/users.ts(65,47): error TS2345: Argument of type '"role"' is not assignable to parameter of type '"_creationTime" | "_id"'.
convex/users.ts(113,24): error TS2345: Argument of type '"by_email"' is not assignable to parameter of type 'keyof SystemIndexes'.
convex/users.ts(113,48): error TS2345: Argument of type '"email"' is not assignable to parameter of type '"_creationTime" | "_id"'.
Stores/authStore.ts(193,65): error TS2345: Argument of type '{ name?: string; email?: string; age?: number; location?: string; userId: Id<"users">; }' is not assignable to parameter of type '{ location?: "Bafoussam" | "Douala" | "Yaounde" | "Buea" | "Bamenda" | "Garoua" | "Maroua" | "Ngaoundere" | "Adamawa" | "Bertoua" | undefined; name?: string | undefined; email?: string | undefined; age?: number | undefined; userId: Id<...>; }'.
  Types of property 'location' are incompatible.
    Type 'string | undefined' is not assignable to type '"Bafoussam" | "Douala" | "Yaounde" | "Buea" | "Bamenda" | "Garoua" | "Maroua" | "Ngaoundere" | "Adamawa" | "Bertoua" | undefined'.
      Type 'string' is not assignable to type '"Bafoussam" | "Douala" | "Yaounde" | "Buea" | "Bamenda" | "Garoua" | "Maroua" | "Ngaoundere" | "Adamawa" | "Bertoua" | undefined'.
Stores/homeStore.ts(47,9): error TS2698: Spread types may only be created from object types.
Stores/homeStore.ts(47,36): error TS2344: Type 'FunctionReference<"mutation", "public", { facebook_url?: string | undefined; lat?: string | undefined; long?: string | undefined; category: "House" | "Apartment" | "Villa" | "Office" | "Studio" | ... 8 more ... | "Shop"; ... 9 more ...; details: string[]; }, string & { ...; }, string | undefined>' does not satisfy the constraint '(...args: any) => any'.
  Type 'FunctionReference<"mutation", "public", { facebook_url?: string | undefined; lat?: string | undefined; long?: string | undefined; category: "House" | "Apartment" | "Villa" | "Office" | "Studio" | ... 8 more ... | "Shop"; ... 9 more ...; details: string[]; }, string & { ...; }, string | undefined>' provides no match for the signature '(...args: any): any'.
Stores/homeStore.ts(98,9): error TS2698: Spread types may only be created from object types.
Stores/homeStore.ts(98,36): error TS2344: Type 'FunctionReference<"mutation", "public", { facebook_url?: string | undefined; lat?: string | undefined; long?: string | undefined; category: "House" | "Apartment" | "Villa" | "Office" | "Studio" | ... 8 more ... | "Shop"; ... 10 more ...; homeId: Id<...>; }, any, string | undefined>' does not satisfy the constraint '(...args: any) => any'.
  Type 'FunctionReference<"mutation", "public", { facebook_url?: string | undefined; lat?: string | undefined; long?: string | undefined; category: "House" | "Apartment" | "Villa" | "Office" | "Studio" | ... 8 more ... | "Shop"; ... 10 more ...; homeId: Id<...>; }, any, string | undefined>' provides no match for the signature '(...args: any): any'.
